type octile
height 55
width 55
map
TTTTTTTTTTTTTTTTTTTTTTTTTTTTTTTTTTTTTTTTTTTTTTTTTTTTTTT
T.....................................................T
T.....................................................T
T.....................................................T
T.....................................................T
T.....................................................T
T.....................................................T
T.....................................................T
T.....................................................T
T.....................................................T
T.....................................................T
T.....................................................T
T.....................................................T
T.....................................................T
T.....................................................T
T.....................................................T
T.....................................................T
T.....................................................T
T.....................................................T
T.....................................................T
T.....................................................T
T.....................................................T
T.....................................................T
T.....................................................T
T.....................................................T
T.....................................................T
T.....................................................T
T.....................................................T
T.....................................................T
T.....................................................T
T.....................................................T
T.....................................................T
T.....................................................T
T.....................................................T
T.....................................................T
T.....................................................T
T.....................................................T
T.....................................................T
T.....................................................T
T.....................................................T
T.....................................................T
T.....................................................T
T.....................................................T
T.....................................................T
T.....................................................T
T.....................................................T
T.....................................................T
T.....................................................T
T.....................................................T
T.....................................................T
T.....................................................T
T.....................................................T
T.....................................................T
T.....................................................T
TTTTTTTTTTTTTTTTTTTTTTTTTTTTTTTTTTTTTTTTTTTTTTTTTTTTTTT
